// Jest Snapshot v1, https://goo.gl/fbAQLP

exports[`Render the profile component should render the profile component 1`] = `
<View>
  <ProfileHeader
    goBack={[Function]}
  />
  <ScrollViewMock>
    <View
      style={Object {}}
    >
      <ImageBackground
        source={
          Object {
            "uri": "",
          }
        }
        style={
          Object {
            "height": 540,
            "width": undefined,
          }
        }
      >
        <View
          style={
            Object {
              "backgroundColor": "rgba(0, 0, 0, 0.75)",
              "height": "100%",
              "width": "100%",
            }
          }
        >
          <View
            style={
              Object {
                "alignItems": "flex-end",
                "display": "flex",
                "flexDirection": "row",
                "justifyContent": "space-between",
                "paddingLeft": 20,
                "paddingRight": 20,
                "position": "absolute",
                "top": 370,
                "width": "100%",
              }
            }
          >
            <Text
              style={
                Object {
                  "width": 39,
                }
              }
            />
            <Image
              source={
                Object {
                  "uri": "",
                }
              }
              style={
                Object {
                  "borderRadius": 70,
                  "height": 140,
                  "width": 140,
                }
              }
            />
            <TouchableHighlight
              activeOpacity={0.85}
              delayPressOut={100}
              onPress={[Function]}
              underlayColor="black"
            >
              <Themed.Icon
                color="#fff"
                name="share-square"
                size={45}
                type="font-awesome"
              />
            </TouchableHighlight>
          </View>
        </View>
      </ImageBackground>
    </View>
    <View
      style={
        Object {
          "alignItems": "center",
          "display": "flex",
          "padding": 20,
        }
      }
    >
      <Text
        style={
          Object {
            "fontSize": 25,
            "fontWeight": "700",
          }
        }
      >
        name
      </Text>
      <Text
        style={
          Object {
            "color": "#47525E",
            "fontSize": 20,
            "fontWeight": "400",
          }
        }
      >
        @
      </Text>
      <Text
        style={
          Object {
            "fontSize": 15,
            "fontWeight": "400",
            "paddingBottom": 20,
            "paddingTop": 20,
            "textAlign": "center",
          }
        }
      />
      <View
        style={
          Object {
            "display": "flex",
            "flexDirection": "row",
            "justifyContent": "space-around",
            "width": "100%",
          }
        }
      >
        <View>
          <Text
            style={
              Object {
                "color": "#47525E",
                "fontSize": 20,
                "fontWeight": "400",
                "textAlign": "center",
              }
            }
          >
            3
          </Text>
          <Text
            style={
              Object {
                "color": "#47525E",
                "fontSize": 20,
                "fontWeight": "400",
                "textAlign": "center",
              }
            }
          >
            Followers
          </Text>
        </View>
        <View>
          <Text
            style={
              Object {
                "color": "#47525E",
                "fontSize": 20,
                "fontWeight": "400",
                "textAlign": "center",
              }
            }
          >
            3
          </Text>
          <Text
            style={
              Object {
                "color": "#47525E",
                "fontSize": 20,
                "fontWeight": "400",
                "textAlign": "center",
              }
            }
          >
            Followings
          </Text>
        </View>
        <View>
          <Text
            style={
              Object {
                "color": "#47525E",
                "fontSize": 20,
                "fontWeight": "400",
                "textAlign": "center",
              }
            }
          >
            3
          </Text>
          <Text
            style={
              Object {
                "color": "#47525E",
                "fontSize": 20,
                "fontWeight": "400",
                "textAlign": "center",
              }
            }
          >
            Stars
          </Text>
        </View>
      </View>
      <View
        style={
          Object {
            "marginTop": 30,
          }
        }
      >
        <Text
          style={
            Object {
              "fontSize": 35,
              "fontWeight": "700",
              "textAlign": "center",
            }
          }
        >
          3
        </Text>
        <Text
          style={
            Object {
              "fontSize": 20,
              "fontWeight": "700",
              "textAlign": "center",
            }
          }
        >
          Repositories
        </Text>
      </View>
    </View>
  </ScrollViewMock>
</View>
`;
